runner: stub on 127.0.0.1:8096
runner: boot 1, pid 25280
runner: 19:07:28  step -1 context
runner: 19:07:40  step 22 alloc-measured
runner: 19:07:44  step 23 success
runner: 19:11:36  step 23 measured
runner: 19:11:38  step 24 success
runner: 19:11:56  step 24 measured
runner: boot 1 finished

ticks per ms (median slope, fallback 10000): 9997.2

## Ban lists

| step | outcome | fetch ms | body bytes | entries | parse ms | build ms | 1000 lookups ms | serialize ms | write ms |
|---|---|---|---|---|---|---|---|---|---|
| bans-100-pad1m | success | 101 | 1072549 | 100 | 232437.9 | 0.7 | 0.3 | 43.7 | 0.4 |
| bans-100-pad256k | success | 100 | 286117 | 100 | 16570.1 | 0.7 | 0.3 | 43.8 | 0.4 |

## Reader line limit

| step | line bytes | written | write ms | read back | intact | read ms |
|---|---|---|---|---|---|---|

## Raw responses

| step | outcome | fetch ms | body bytes | string length |
|---|---|---|---|---|
