plan=9
body	class=SurvivorM_Mirek	slots=17	alive=true
walk	clothing=786	withSlots=786	matched=788	best=12	sample=WorkingGloves_Black:Gloves
slot=Headgear	class=BallisticHelmet_Green	cargo=0
slot=Gloves	class=WorkingGloves_Black	cargo=0
slot=Shoulder	class=M4A1+5 in Hands	cargo=0
slot=Armband	class=Armband_White	cargo=0
slot=Back	class=TaloonBag_Blue	cargo=0
slot=Body	class=DownJacket_Blue	cargo=0
slot=Feet	class=AthleticShoes_Blue	cargo=0
slot=Head	class=(no garment declares this slot)	cargo=0
slot=Hips	class=CivilianBelt	cargo=0
slot=Legs	class=Jeans_Black	cargo=0
slot=Mask	class=Bandana_RedPattern	cargo=0
slot=Vest	class=PlateCarrierVest	cargo=0
slot=Hands	class=(no garment declares this slot)	cargo=0
slot=Melee	class=AKM+5 in Melee	cargo=0
slot=LeftHand	class=(no garment declares this slot)	cargo=0
slot=Splint_Right	class=Splint_Applied	cargo=0
slot=Eyewear	class=SportGlasses_Black	cargo=0
hands	class=(already holding M4A1)
geared	items=24	ms=15
top=14	attachments=13
carried	slot=Hands	class=M4A1	items=6
carried	slot=Headgear	class=BallisticHelmet_Green	items=1
carried	slot=Gloves	class=WorkingGloves_Black	items=1
carried	slot=Armband	class=Armband_White	items=1
carried	slot=Back	class=TaloonBag_Blue	items=1
carried	slot=Body	class=DownJacket_Blue	items=1
carried	slot=Feet	class=AthleticShoes_Blue	items=1
carried	slot=Hips	class=CivilianBelt	items=1
carried	slot=Legs	class=Jeans_Black	items=1
carried	slot=Mask	class=Bandana_RedPattern	items=1
carried	slot=Vest	class=PlateCarrierVest	items=1
carried	slot=Melee	class=AKM	items=6
carried	slot=Splint_Right	class=Splint_Applied	items=1
carried	slot=Eyewear	class=SportGlasses_Black	items=1
filled	items=68	containers=3	ms=2
depth=2	items=68	included=68	bytes=7208	buildMs=0	serializeMs=7	cut=false
depth=1	items=68	included=14	bytes=1417	buildMs=0	serializeMs=1	cut=true
fits	depth=2	bytes=7208	attempts=1
sample	{"class":"M4A1","name":"M4-A1","slot":"Hands","health":100,"state":"pristine","rounds":0,"attachments":[{"class":"Mag_STANAG_30Rnd","name":"30rd Standardized Mag","slot":"magazine","health":100,"state":"pristine","am
strip	dropped=14	skipped=0	items=68
after-strip	carried=68	nearby=1
walk	clothing=786	withSlots=786	matched=788	best=12	sample=WorkingGloves_Black:Gloves
slot=Shoulder	class=M4A1 (refused)	cargo=0
slot=Head	class=(no garment declares this slot)	cargo=0
slot=Hands	class=(no garment declares this slot)	cargo=0
slot=LeftHand	class=(no garment declares this slot)	cargo=0
hands	class=(already holding M4A1)
geared	items=68	ms=11
top=14	attachments=13
carried	slot=Hands	class=M4A1	items=6
carried	slot=Headgear	class=BallisticHelmet_Green	items=1
carried	slot=Gloves	class=WorkingGloves_Black	items=1
carried	slot=Armband	class=Armband_White	items=1
carried	slot=Back	class=TaloonBag_Blue	items=20
carried	slot=Body	class=DownJacket_Blue	items=14
carried	slot=Feet	class=AthleticShoes_Blue	items=1
carried	slot=Hips	class=CivilianBelt	items=1
carried	slot=Legs	class=Jeans_Black	items=13
carried	slot=Mask	class=Bandana_RedPattern	items=1
carried	slot=Vest	class=PlateCarrierVest	items=1
carried	slot=Melee	class=AKM	items=6
carried	slot=Splint_Right	class=Splint_Applied	items=1
carried	slot=Eyewear	class=SportGlasses_Black	items=1
clear	deleted=14	items=68
after-clear	carried=0	nearby=1
finished	wallMs=5440
