Reason: [wpnfsm] PVCBow:22468 Weapon.SaveCurrentFSMState: trying to save weapon without FSM (or uninitialized weapon) this=Archery_Base<0x000002012E8DEB10> PVCBow:22468 type=PVCBow
scripts/1_Core/proto\endebug.c:92 Function Error
scripts/4_World/entities\firearms\weapon_base.c:576 Function SaveCurrentFSMState
$CurrentDir:mpmissions\vyshkaSpawnSpike.chernarusplus\init.c:245 Function Firearm
$CurrentDir:mpmissions\vyshkaSpawnSpike.chernarusplus\init.c:212 Function Step
scripts/3_Game/dayzgame.c:3000 Function OnUpdate
Reason: [wpnfsm] QuickieBow:22469 Weapon.SaveCurrentFSMState: trying to save weapon without FSM (or uninitialized weapon) this=Archery_Base<0x000002012E8E1750> QuickieBow:22469 type=QuickieBow
scripts/1_Core/proto\endebug.c:92 Function Error
scripts/4_World/entities\firearms\weapon_base.c:576 Function SaveCurrentFSMState
$CurrentDir:mpmissions\vyshkaSpawnSpike.chernarusplus\init.c:245 Function Firearm
$CurrentDir:mpmissions\vyshkaSpawnSpike.chernarusplus\init.c:212 Function Step
scripts/3_Game/dayzgame.c:3000 Function OnUpdate
Reason: [wpnfsm] RecurveBow:22470 Weapon.SaveCurrentFSMState: trying to save weapon without FSM (or uninitialized weapon) this=Archery_Base<0x000002012E8E1750> RecurveBow:22470 type=RecurveBow
scripts/1_Core/proto\endebug.c:92 Function Error
scripts/4_World/entities\firearms\weapon_base.c:576 Function SaveCurrentFSMState
$CurrentDir:mpmissions\vyshkaSpawnSpike.chernarusplus\init.c:245 Function Firearm
$CurrentDir:mpmissions\vyshkaSpawnSpike.chernarusplus\init.c:212 Function Step
scripts/3_Game/dayzgame.c:3000 Function OnUpdate
Reason: [wpnfsm] M249:22637 Weapon.SaveCurrentFSMState: trying to save weapon without FSM (or uninitialized weapon) this=M249<0x000002012E8E1750> M249:22637 type=M249
scripts/1_Core/proto\endebug.c:92 Function Error
scripts/4_World/entities\firearms\weapon_base.c:576 Function SaveCurrentFSMState
$CurrentDir:mpmissions\vyshkaSpawnSpike.chernarusplus\init.c:245 Function Firearm
$CurrentDir:mpmissions\vyshkaSpawnSpike.chernarusplus\init.c:212 Function Step
scripts/3_Game/dayzgame.c:3000 Function OnUpdate
Reason: [WeaponStableState::ValidateMuzzleArray] :: [ERROR] :: Muzzle array validation has failed. Please set up the correct muzzle states by overriding InitMuzzleArray.
scripts/4_World/entities\firearms\fsm\states\weaponstablestate.c:195 Function ValidateMuzzleArray
scripts/4_World/entities\firearms\fsm\states\weaponstablestate.c:36 Function WeaponStableState
scripts/4_World/entities\firearms\rifle_base.c:18 Function InitStateMachine
scripts/4_World/entities\firearms\weapon_base.c:130 Function Weapon_Base@2123#698
$CurrentDir:mpmissions\vyshkaSpawnSpike.chernarusplus\init.c:245 Function Firearm
$CurrentDir:mpmissions\vyshkaSpawnSpike.chernarusplus\init.c:212 Function Step
scripts/3_Game/dayzgame.c:3000 Function OnUpdate
Reason: [WeaponStableState::ValidateMuzzleArray] :: [ERROR] :: Muzzle array validation has failed. Please set up the correct muzzle states by overriding InitMuzzleArray.
scripts/4_World/entities\firearms\fsm\states\weaponstablestate.c:195 Function ValidateMuzzleArray
scripts/4_World/entities\firearms\fsm\states\weaponstablestate.c:36 Function WeaponStableState
scripts/4_World/entities\firearms\rifle_base.c:18 Function InitStateMachine
scripts/4_World/entities\firearms\weapon_base.c:130 Function Weapon_Base@2123#698
$CurrentDir:mpmissions\vyshkaSpawnSpike.chernarusplus\init.c:245 Function Firearm
$CurrentDir:mpmissions\vyshkaSpawnSpike.chernarusplus\init.c:212 Function Step
scripts/3_Game/dayzgame.c:3000 Function OnUpdate
Reason: [WeaponStableState::ValidateMuzzleArray] :: [ERROR] :: Muzzle array validation has failed. Please set up the correct muzzle states by overriding InitMuzzleArray.
scripts/4_World/entities\firearms\fsm\states\weaponstablestate.c:195 Function ValidateMuzzleArray
scripts/4_World/entities\firearms\fsm\states\weaponstablestate.c:36 Function WeaponStableState
scripts/4_World/entities\firearms\rifle_base.c:18 Function InitStateMachine
scripts/4_World/entities\firearms\weapon_base.c:130 Function Weapon_Base@2123#698
$CurrentDir:mpmissions\vyshkaSpawnSpike.chernarusplus\init.c:245 Function Firearm
$CurrentDir:mpmissions\vyshkaSpawnSpike.chernarusplus\init.c:212 Function Step
scripts/3_Game/dayzgame.c:3000 Function OnUpdate
Reason: [WeaponStableState::ValidateMuzzleArray] :: [ERROR] :: Muzzle array validation has failed. Please set up the correct muzzle states by overriding InitMuzzleArray.
scripts/4_World/entities\firearms\fsm\states\weaponstablestate.c:195 Function ValidateMuzzleArray
scripts/4_World/entities\firearms\fsm\states\weaponstablestate.c:36 Function WeaponStableState
scripts/4_World/entities\firearms\rifle_base.c:18 Function InitStateMachine
scripts/4_World/entities\firearms\weapon_base.c:130 Function Weapon_Base@2123#698
$CurrentDir:mpmissions\vyshkaSpawnSpike.chernarusplus\init.c:245 Function Firearm
$CurrentDir:mpmissions\vyshkaSpawnSpike.chernarusplus\init.c:212 Function Step
scripts/3_Game/dayzgame.c:3000 Function OnUpdate
Reason: [wpnfsm] LAW:22816 Weapon.SaveCurrentFSMState: trying to save weapon without FSM (or uninitialized weapon) this=Weapon_Base<0x000002012E8E3880> LAW:22816 type=LAW
scripts/1_Core/proto\endebug.c:92 Function Error
scripts/4_World/entities\firearms\weapon_base.c:576 Function SaveCurrentFSMState
$CurrentDir:mpmissions\vyshkaSpawnSpike.chernarusplus\init.c:245 Function Firearm
$CurrentDir:mpmissions\vyshkaSpawnSpike.chernarusplus\init.c:212 Function Step
scripts/3_Game/dayzgame.c:3000 Function OnUpdate
Reason: [WeaponStableState::ValidateMuzzleArray] :: [ERROR] :: Muzzle array validation has failed. Please set up the correct muzzle states by overriding InitMuzzleArray.
scripts/4_World/entities\firearms\fsm\states\weaponstablestate.c:195 Function ValidateMuzzleArray
scripts/4_World/entities\firearms\fsm\states\weaponstablestate.c:36 Function WeaponStableState
scripts/4_World/entities\firearms\rifle_base.c:18 Function InitStateMachine
scripts/4_World/entities\firearms\weapon_base.c:130 Function Weapon_Base@2123#698
$CurrentDir:mpmissions\vyshkaSpawnSpike.chernarusplus\init.c:245 Function Firearm
$CurrentDir:mpmissions\vyshkaSpawnSpike.chernarusplus\init.c:212 Function Step
scripts/3_Game/dayzgame.c:3000 Function OnUpdate
Reason: [WeaponStableState::ValidateMuzzleArray] :: [ERROR] :: Muzzle array validation has failed. Please set up the correct muzzle states by overriding InitMuzzleArray.
scripts/4_World/entities\firearms\fsm\states\weaponstablestate.c:195 Function ValidateMuzzleArray
scripts/4_World/entities\firearms\fsm\states\weaponstablestate.c:36 Function WeaponStableState
scripts/4_World/entities\firearms\rifle_base.c:18 Function InitStateMachine
scripts/4_World/entities\firearms\weapon_base.c:130 Function Weapon_Base@2123#698
$CurrentDir:mpmissions\vyshkaSpawnSpike.chernarusplus\init.c:245 Function Firearm
$CurrentDir:mpmissions\vyshkaSpawnSpike.chernarusplus\init.c:212 Function Step
scripts/3_Game/dayzgame.c:3000 Function OnUpdate
Reason: [wpnfsm] RPG7:22821 Weapon.SaveCurrentFSMState: trying to save weapon without FSM (or uninitialized weapon) this=Weapon_Base<0x000002012E8E3880> RPG7:22821 type=RPG7
scripts/1_Core/proto\endebug.c:92 Function Error
scripts/4_World/entities\firearms\weapon_base.c:576 Function SaveCurrentFSMState
$CurrentDir:mpmissions\vyshkaSpawnSpike.chernarusplus\init.c:245 Function Firearm
$CurrentDir:mpmissions\vyshkaSpawnSpike.chernarusplus\init.c:212 Function Step
scripts/3_Game/dayzgame.c:3000 Function OnUpdate
Reason: [wpnfsm] DartGun:22822 Weapon.SaveCurrentFSMState: trying to save weapon without FSM (or uninitialized weapon) this=Weapon_Base<0x000002012E8E4390> DartGun:22822 type=DartGun
scripts/1_Core/proto\endebug.c:92 Function Error
scripts/4_World/entities\firearms\weapon_base.c:576 Function SaveCurrentFSMState
$CurrentDir:mpmissions\vyshkaSpawnSpike.chernarusplus\init.c:245 Function Firearm
$CurrentDir:mpmissions\vyshkaSpawnSpike.chernarusplus\init.c:212 Function Step
scripts/3_Game/dayzgame.c:3000 Function OnUpdate
Reason: [wpnfsm] Shockpistol:22824 Weapon.SaveCurrentFSMState: trying to save weapon without FSM (or uninitialized weapon) this=Weapon_Base<0x000002012E8E3880> Shockpistol:22824 type=Shockpistol
scripts/1_Core/proto\endebug.c:92 Function Error
scripts/4_World/entities\firearms\weapon_base.c:576 Function SaveCurrentFSMState
$CurrentDir:mpmissions\vyshkaSpawnSpike.chernarusplus\init.c:245 Function Firearm
$CurrentDir:mpmissions\vyshkaSpawnSpike.chernarusplus\init.c:212 Function Step
scripts/3_Game/dayzgame.c:3000 Function OnUpdate
Reason: [wpnfsm] Shockpistol_Black:22826 Weapon.SaveCurrentFSMState: trying to save weapon without FSM (or uninitialized weapon) this=Weapon_Base<0x000002012E8E3880> Shockpistol_Black:22826 type=Shockpistol_Black
scripts/1_Core/proto\endebug.c:92 Function Error
scripts/4_World/entities\firearms\weapon_base.c:576 Function SaveCurrentFSMState
$CurrentDir:mpmissions\vyshkaSpawnSpike.chernarusplus\init.c:245 Function Firearm
$CurrentDir:mpmissions\vyshkaSpawnSpike.chernarusplus\init.c:212 Function Step
scripts/3_Game/dayzgame.c:3000 Function OnUpdate
Reason: [wpnfsm] M249:22970 Weapon.SaveCurrentFSMState: trying to save weapon without FSM (or uninitialized weapon) this=M249<0x000002012E8E2260> M249:22970 type=M249
scripts/1_Core/proto\endebug.c:92 Function Error
scripts/4_World/entities\firearms\weapon_base.c:576 Function SaveCurrentFSMState
$CurrentDir:mpmissions\vyshkaSpawnSpike.chernarusplus\init.c:318 Function Machines
$CurrentDir:mpmissions\vyshkaSpawnSpike.chernarusplus\init.c:222 Function Step
scripts/3_Game/dayzgame.c:3000 Function OnUpdate
Reason: [wpnfsm] LAW:22971 Weapon.SaveCurrentFSMState: trying to save weapon without FSM (or uninitialized weapon) this=Weapon_Base<0x000002012E8E3880> LAW:22971 type=LAW
scripts/1_Core/proto\endebug.c:92 Function Error
scripts/4_World/entities\firearms\weapon_base.c:576 Function SaveCurrentFSMState
$CurrentDir:mpmissions\vyshkaSpawnSpike.chernarusplus\init.c:318 Function Machines
$CurrentDir:mpmissions\vyshkaSpawnSpike.chernarusplus\init.c:222 Function Step
scripts/3_Game/dayzgame.c:3000 Function OnUpdate
Reason: [wpnfsm] RPG7:22972 Weapon.SaveCurrentFSMState: trying to save weapon without FSM (or uninitialized weapon) this=Weapon_Base<0x000002012E8E4390> RPG7:22972 type=RPG7
scripts/1_Core/proto\endebug.c:92 Function Error
scripts/4_World/entities\firearms\weapon_base.c:576 Function SaveCurrentFSMState
$CurrentDir:mpmissions\vyshkaSpawnSpike.chernarusplus\init.c:318 Function Machines
$CurrentDir:mpmissions\vyshkaSpawnSpike.chernarusplus\init.c:222 Function Step
scripts/3_Game/dayzgame.c:3000 Function OnUpdate
Reason: [wpnfsm] DartGun:22973 Weapon.SaveCurrentFSMState: trying to save weapon without FSM (or uninitialized weapon) this=Weapon_Base<0x000002012E8E1750> DartGun:22973 type=DartGun
scripts/1_Core/proto\endebug.c:92 Function Error
scripts/4_World/entities\firearms\weapon_base.c:576 Function SaveCurrentFSMState
$CurrentDir:mpmissions\vyshkaSpawnSpike.chernarusplus\init.c:318 Function Machines
$CurrentDir:mpmissions\vyshkaSpawnSpike.chernarusplus\init.c:222 Function Step
scripts/3_Game/dayzgame.c:3000 Function OnUpdate
Reason: [wpnfsm] Shockpistol:22974 Weapon.SaveCurrentFSMState: trying to save weapon without FSM (or uninitialized weapon) this=Weapon_Base<0x000002012E8E59B0> Shockpistol:22974 type=Shockpistol
scripts/1_Core/proto\endebug.c:92 Function Error
scripts/4_World/entities\firearms\weapon_base.c:576 Function SaveCurrentFSMState
$CurrentDir:mpmissions\vyshkaSpawnSpike.chernarusplus\init.c:318 Function Machines
$CurrentDir:mpmissions\vyshkaSpawnSpike.chernarusplus\init.c:222 Function Step
scripts/3_Game/dayzgame.c:3000 Function OnUpdate
Reason: [wpnfsm] PVCBow:22975 Weapon.SaveCurrentFSMState: trying to save weapon without FSM (or uninitialized weapon) this=Archery_Base<0x000002012E8E4EA0> PVCBow:22975 type=PVCBow
scripts/1_Core/proto\endebug.c:92 Function Error
scripts/4_World/entities\firearms\weapon_base.c:576 Function SaveCurrentFSMState
$CurrentDir:mpmissions\vyshkaSpawnSpike.chernarusplus\init.c:318 Function Machines
$CurrentDir:mpmissions\vyshkaSpawnSpike.chernarusplus\init.c:222 Function Step
scripts/3_Game/dayzgame.c:3000 Function OnUpdate
